// Jest Snapshot v1, https://goo.gl/fbAQLP

exports[`Deve renderizar o bot√£o corretamente 1`] = `
<button
  class="botao"
>
   ENTRAR 
</button>
`;
